λ x x0 : word32 * word32 * word32 * word32 * word32 * word32 * word32 * word32 * word32 * word32 * word32 * word32 * word32 * word32 * word32 * word32 * word32 * word32 * word32 * word32 * word32 * word32,
Interp-η
(λ var : Syntax.base_type → Type,
 λ '(x44, x45, x43, x41, x39, x37, x35, x33, x31, x29, x27, x25, x23, x21, x19, x17, x15, x13, x11, x9, x7, x5, (x86, x87, x85, x83, x81, x79, x77, x75, x73, x71, x69, x67, x65, x63, x61, x59, x57, x55, x53, x51, x49, x47))%core,
 (((0xfffffe + x44) - x86), ((0xfffffe + x45) - x87), ((0xfffffe + x43) - x85), ((0xfffffe + x41) - x83), ((0x1fffffe + x39) - x81), ((0xfffffe + x37) - x79), ((0xfffffe + x35) - x77), ((0xfffffe + x33) - x75), ((0x1fffffe + x31) - x73), ((0xfffffe + x29) - x71), ((0xfffffe + x27) - x69), ((0xfffffe + x25) - x67), ((0xfffffe + x23) - x65), ((0x1fffffe + x21) - x63), ((0xfffffe + x19) - x61), ((0xfffffe + x17) - x59), ((0xfffffe + x15) - x57), ((0x1fffffe + x13) - x55), ((0xfffffe + x11) - x53), ((0xfffffe + x9) - x51), ((0xfffffe + x7) - x49), ((0x1fffe8a + x5) - x47)))
(x, x0)%core
     : word32 * word32 * word32 * word32 * word32 * word32 * word32 * word32 * word32 * word32 * word32 * word32 * word32 * word32 * word32 * word32 * word32 * word32 * word32 * word32 * word32 * word32 → word32 * word32 * word32 * word32 * word32 * word32 * word32 * word32 * word32 * word32 * word32 * word32 * word32 * word32 * word32 * word32 * word32 * word32 * word32 * word32 * word32 * word32 → ReturnType (uint32_t * uint32_t * uint32_t * uint32_t * uint32_t * uint32_t * uint32_t * uint32_t * uint32_t * uint32_t * uint32_t * uint32_t * uint32_t * uint32_t * uint32_t * uint32_t * uint32_t * uint32_t * uint32_t * uint32_t * uint32_t * uint32_t)
