λ x x0 : word32 * word32 * word32 * word32 * word32 * word32 * word32 * word32 * word32 * word32 * word32 * word32 * word32 * word32 * word32 * word32 * word32 * word32,
Interp-η
(λ var : Syntax.base_type → Type,
 λ '(x36, x37, x35, x33, x31, x29, x27, x25, x23, x21, x19, x17, x15, x13, x11, x9, x7, x5, (x70, x71, x69, x67, x65, x63, x61, x59, x57, x55, x53, x51, x49, x47, x45, x43, x41, x39))%core,
 (((0xfffffe + x36) - x70), ((0xfffffe + x37) - x71), ((0xfffffe + x35) - x69), ((0xfffffe + x33) - x67), ((0xfffffe + x31) - x65), ((0xfffffe + x29) - x63), ((0xfffffe + x27) - x61), ((0xfffffe + x25) - x59), ((0x1fffffc + x23) - x57), ((0xfffffe + x21) - x55), ((0xfffffe + x19) - x53), ((0xfffffe + x17) - x51), ((0xfffffe + x15) - x49), ((0xfffffe + x13) - x47), ((0xfffffe + x11) - x45), ((0xfffffe + x9) - x43), ((0xfffffe + x7) - x41), ((0x1fffffe + x5) - x39)))
(x, x0)%core
     : word32 * word32 * word32 * word32 * word32 * word32 * word32 * word32 * word32 * word32 * word32 * word32 * word32 * word32 * word32 * word32 * word32 * word32 → word32 * word32 * word32 * word32 * word32 * word32 * word32 * word32 * word32 * word32 * word32 * word32 * word32 * word32 * word32 * word32 * word32 * word32 → ReturnType (uint32_t * uint32_t * uint32_t * uint32_t * uint32_t * uint32_t * uint32_t * uint32_t * uint32_t * uint32_t * uint32_t * uint32_t * uint32_t * uint32_t * uint32_t * uint32_t * uint32_t * uint32_t)
