     = bedrock_func_body:((((("x0" =
                              (load( constr:(expr.var "y0") +
                                     constr:(expr.literal 0))));
                             ("x1" =
                              (load( constr:(expr.var "y0") +
                                     constr:(expr.literal 8))));
                             ("x2" =
                              (load( constr:(expr.var "y0") +
                                     constr:(expr.literal 16))));
                             ("x3" =
                              (load( constr:(expr.var "y0") +
                                     constr:(expr.literal 24))));
                             ("x4" =
                              (load( constr:(expr.var "y0") +
                                     constr:(expr.literal 32))));
                             /*skip*/);
                            (("x5" =
                              (load( constr:(expr.var "y1") +
                                     constr:(expr.literal 0))));
                             ("x6" =
                              (load( constr:(expr.var "y1") +
                                     constr:(expr.literal 8))));
                             ("x7" =
                              (load( constr:(expr.var "y1") +
                                     constr:(expr.literal 16))));
                             ("x8" =
                              (load( constr:(expr.var "y1") +
                                     constr:(expr.literal 24))));
                             ("x9" =
                              (load( constr:(expr.var "y1") +
                                     constr:(expr.literal 32))));
                             /*skip*/);
                            /*skip*/);
                           ("x10" =
                            (constr:(expr.var "x4") *
                             (constr:(expr.var "x9") *
                              constr:(expr.literal 19))));
                           ("x11" =
                            (constr:(expr.op bopname.mulhuu (expr.var "x4")
                                       bedrock_expr:(constr:(expr.var "x9") *
                                                     constr:(expr.literal 19)))));
                           ("x12" =
                            (constr:(expr.var "x4") *
                             (constr:(expr.var "x8") *
                              constr:(expr.literal 19))));
                           ("x13" =
                            (constr:(expr.op bopname.mulhuu (expr.var "x4")
                                       bedrock_expr:(constr:(expr.var "x8") *
                                                     constr:(expr.literal 19)))));
                           ("x14" =
                            (constr:(expr.var "x4") *
                             (constr:(expr.var "x7") *
                              constr:(expr.literal 19))));
                           ("x15" =
                            (constr:(expr.op bopname.mulhuu (expr.var "x4")
                                       bedrock_expr:(constr:(expr.var "x7") *
                                                     constr:(expr.literal 19)))));
                           ("x16" =
                            (constr:(expr.var "x4") *
                             (constr:(expr.var "x6") *
                              constr:(expr.literal 19))));
                           ("x17" =
                            (constr:(expr.op bopname.mulhuu (expr.var "x4")
                                       bedrock_expr:(constr:(expr.var "x6") *
                                                     constr:(expr.literal 19)))));
                           ("x18" =
                            (constr:(expr.var "x3") *
                             (constr:(expr.var "x9") *
                              constr:(expr.literal 19))));
                           ("x19" =
                            (constr:(expr.op bopname.mulhuu (expr.var "x3")
                                       bedrock_expr:(constr:(expr.var "x9") *
                                                     constr:(expr.literal 19)))));
                           ("x20" =
                            (constr:(expr.var "x3") *
                             (constr:(expr.var "x8") *
                              constr:(expr.literal 19))));
                           ("x21" =
                            (constr:(expr.op bopname.mulhuu (expr.var "x3")
                                       bedrock_expr:(constr:(expr.var "x8") *
                                                     constr:(expr.literal 19)))));
                           ("x22" =
                            (constr:(expr.var "x3") *
                             (constr:(expr.var "x7") *
                              constr:(expr.literal 19))));
                           ("x23" =
                            (constr:(expr.op bopname.mulhuu (expr.var "x3")
                                       bedrock_expr:(constr:(expr.var "x7") *
                                                     constr:(expr.literal 19)))));
                           ("x24" =
                            (constr:(expr.var "x2") *
                             (constr:(expr.var "x9") *
                              constr:(expr.literal 19))));
                           ("x25" =
                            (constr:(expr.op bopname.mulhuu (expr.var "x2")
                                       bedrock_expr:(constr:(expr.var "x9") *
                                                     constr:(expr.literal 19)))));
                           ("x26" =
                            (constr:(expr.var "x2") *
                             (constr:(expr.var "x8") *
                              constr:(expr.literal 19))));
                           ("x27" =
                            (constr:(expr.op bopname.mulhuu (expr.var "x2")
                                       bedrock_expr:(constr:(expr.var "x8") *
                                                     constr:(expr.literal 19)))));
                           ("x28" =
                            (constr:(expr.var "x1") *
                             (constr:(expr.var "x9") *
                              constr:(expr.literal 19))));
                           ("x29" =
                            (constr:(expr.op bopname.mulhuu (expr.var "x1")
                                       bedrock_expr:(constr:(expr.var "x9") *
                                                     constr:(expr.literal 19)))));
                           ("x30" =
                            (constr:(expr.var "x4") * constr:(expr.var "x5")));
                           ("x31" =
                            (constr:(expr.op bopname.mulhuu (expr.var "x4")
                                       (expr.var "x5"))));
                           ("x32" =
                            (constr:(expr.var "x3") * constr:(expr.var "x6")));
                           ("x33" =
                            (constr:(expr.op bopname.mulhuu (expr.var "x3")
                                       (expr.var "x6"))));
                           ("x34" =
                            (constr:(expr.var "x3") * constr:(expr.var "x5")));
                           ("x35" =
                            (constr:(expr.op bopname.mulhuu (expr.var "x3")
                                       (expr.var "x5"))));
                           ("x36" =
                            (constr:(expr.var "x2") * constr:(expr.var "x7")));
                           ("x37" =
                            (constr:(expr.op bopname.mulhuu (expr.var "x2")
                                       (expr.var "x7"))));
                           ("x38" =
                            (constr:(expr.var "x2") * constr:(expr.var "x6")));
                           ("x39" =
                            (constr:(expr.op bopname.mulhuu (expr.var "x2")
                                       (expr.var "x6"))));
                           ("x40" =
                            (constr:(expr.var "x2") * constr:(expr.var "x5")));
                           ("x41" =
                            (constr:(expr.op bopname.mulhuu (expr.var "x2")
                                       (expr.var "x5"))));
                           ("x42" =
                            (constr:(expr.var "x1") * constr:(expr.var "x8")));
                           ("x43" =
                            (constr:(expr.op bopname.mulhuu (expr.var "x1")
                                       (expr.var "x8"))));
                           ("x44" =
                            (constr:(expr.var "x1") * constr:(expr.var "x7")));
                           ("x45" =
                            (constr:(expr.op bopname.mulhuu (expr.var "x1")
                                       (expr.var "x7"))));
                           ("x46" =
                            (constr:(expr.var "x1") * constr:(expr.var "x6")));
                           ("x47" =
                            (constr:(expr.op bopname.mulhuu (expr.var "x1")
                                       (expr.var "x6"))));
                           ("x48" =
                            (constr:(expr.var "x1") * constr:(expr.var "x5")));
                           ("x49" =
                            (constr:(expr.op bopname.mulhuu (expr.var "x1")
                                       (expr.var "x5"))));
                           ("x50" =
                            (constr:(expr.var "x0") * constr:(expr.var "x9")));
                           ("x51" =
                            (constr:(expr.op bopname.mulhuu (expr.var "x0")
                                       (expr.var "x9"))));
                           ("x52" =
                            (constr:(expr.var "x0") * constr:(expr.var "x8")));
                           ("x53" =
                            (constr:(expr.op bopname.mulhuu (expr.var "x0")
                                       (expr.var "x8"))));
                           ("x54" =
                            (constr:(expr.var "x0") * constr:(expr.var "x7")));
                           ("x55" =
                            (constr:(expr.op bopname.mulhuu (expr.var "x0")
                                       (expr.var "x7"))));
                           ("x56" =
                            (constr:(expr.var "x0") * constr:(expr.var "x6")));
                           ("x57" =
                            (constr:(expr.op bopname.mulhuu (expr.var "x0")
                                       (expr.var "x6"))));
                           ("x58" =
                            (constr:(expr.var "x0") * constr:(expr.var "x5")));
                           ("x59" =
                            (constr:(expr.op bopname.mulhuu (expr.var "x0")
                                       (expr.var "x5"))));
                           ("x60" =
                            (constr:(expr.var "x22") +
                             constr:(expr.var "x16")));
                           ("x61" =
                            (constr:(expr.var "x60") <
                             constr:(expr.var "x22")));
                           ("x62" =
                            (constr:(expr.var "x61") +
                             constr:(expr.var "x23")));
                           ("x63" =
                            (constr:(expr.var "x62") <
                             constr:(expr.var "x23")));
                           ("x64" =
                            (constr:(expr.var "x62") +
                             constr:(expr.var "x17")));
                           ("x65" =
                            (constr:(expr.var "x64") <
                             constr:(expr.var "x17")));
                           ("x66" =
                            (constr:(expr.var "x63") +
                             constr:(expr.var "x65")));
                           ("x67" =
                            (constr:(expr.var "x26") +
                             constr:(expr.var "x60")));
                           ("x68" =
                            (constr:(expr.var "x67") <
                             constr:(expr.var "x26")));
                           ("x69" =
                            (constr:(expr.var "x68") +
                             constr:(expr.var "x27")));
                           ("x70" =
                            (constr:(expr.var "x69") <
                             constr:(expr.var "x27")));
                           ("x71" =
                            (constr:(expr.var "x69") +
                             constr:(expr.var "x64")));
                           ("x72" =
                            (constr:(expr.var "x71") <
                             constr:(expr.var "x64")));
                           ("x73" =
                            (constr:(expr.var "x70") +
                             constr:(expr.var "x72")));
                           ("x74" =
                            (constr:(expr.var "x28") +
                             constr:(expr.var "x67")));
                           ("x75" =
                            (constr:(expr.var "x74") <
                             constr:(expr.var "x28")));
                           ("x76" =
                            (constr:(expr.var "x75") +
                             constr:(expr.var "x29")));
                           ("x77" =
                            (constr:(expr.var "x76") <
                             constr:(expr.var "x29")));
                           ("x78" =
                            (constr:(expr.var "x76") +
                             constr:(expr.var "x71")));
                           ("x79" =
                            (constr:(expr.var "x78") <
                             constr:(expr.var "x71")));
                           ("x80" =
                            (constr:(expr.var "x77") +
                             constr:(expr.var "x79")));
                           ("x81" =
                            (constr:(expr.var "x58") +
                             constr:(expr.var "x74")));
                           ("x82" =
                            (constr:(expr.var "x81") <
                             constr:(expr.var "x58")));
                           ("x83" =
                            (constr:(expr.var "x82") +
                             constr:(expr.var "x59")));
                           ("x84" =
                            (constr:(expr.var "x83") <
                             constr:(expr.var "x59")));
                           ("x85" =
                            (constr:(expr.var "x83") +
                             constr:(expr.var "x78")));
                           ("x86" =
                            (constr:(expr.var "x85") <
                             constr:(expr.var "x78")));
                           ("x87" =
                            (constr:(expr.var "x84") +
                             constr:(expr.var "x86")));
                           ("x88" =
                            (constr:(expr.var "x81") >>
                             constr:(expr.literal 51)
                             | constr:(expr.var "x85") <<
                               constr:(expr.literal 13)));
                           ("x89" =
                            (constr:(expr.var "x81") &
                             constr:(expr.literal 2251799813685247)));
                           ("x90" =
                            (constr:(expr.var "x32") +
                             constr:(expr.var "x30")));
                           ("x91" =
                            (constr:(expr.var "x90") <
                             constr:(expr.var "x32")));
                           ("x92" =
                            (constr:(expr.var "x91") +
                             constr:(expr.var "x33")));
                           ("x93" =
                            (constr:(expr.var "x92") <
                             constr:(expr.var "x33")));
                           ("x94" =
                            (constr:(expr.var "x92") +
                             constr:(expr.var "x31")));
                           ("x95" =
                            (constr:(expr.var "x94") <
                             constr:(expr.var "x31")));
                           ("x96" =
                            (constr:(expr.var "x93") +
                             constr:(expr.var "x95")));
                           ("x97" =
                            (constr:(expr.var "x36") +
                             constr:(expr.var "x90")));
                           ("x98" =
                            (constr:(expr.var "x97") <
                             constr:(expr.var "x36")));
                           ("x99" =
                            (constr:(expr.var "x98") +
                             constr:(expr.var "x37")));
                           ("x100" =
                            (constr:(expr.var "x99") <
                             constr:(expr.var "x37")));
                           ("x101" =
                            (constr:(expr.var "x99") +
                             constr:(expr.var "x94")));
                           ("x102" =
                            (constr:(expr.var "x101") <
                             constr:(expr.var "x94")));
                           ("x103" =
                            (constr:(expr.var "x100") +
                             constr:(expr.var "x102")));
                           ("x104" =
                            (constr:(expr.var "x42") +
                             constr:(expr.var "x97")));
                           ("x105" =
                            (constr:(expr.var "x104") <
                             constr:(expr.var "x42")));
                           ("x106" =
                            (constr:(expr.var "x105") +
                             constr:(expr.var "x43")));
                           ("x107" =
                            (constr:(expr.var "x106") <
                             constr:(expr.var "x43")));
                           ("x108" =
                            (constr:(expr.var "x106") +
                             constr:(expr.var "x101")));
                           ("x109" =
                            (constr:(expr.var "x108") <
                             constr:(expr.var "x101")));
                           ("x110" =
                            (constr:(expr.var "x107") +
                             constr:(expr.var "x109")));
                           ("x111" =
                            (constr:(expr.var "x50") +
                             constr:(expr.var "x104")));
                           ("x112" =
                            (constr:(expr.var "x111") <
                             constr:(expr.var "x50")));
                           ("x113" =
                            (constr:(expr.var "x112") +
                             constr:(expr.var "x51")));
                           ("x114" =
                            (constr:(expr.var "x113") <
                             constr:(expr.var "x51")));
                           ("x115" =
                            (constr:(expr.var "x113") +
                             constr:(expr.var "x108")));
                           ("x116" =
                            (constr:(expr.var "x115") <
                             constr:(expr.var "x108")));
                           ("x117" =
                            (constr:(expr.var "x114") +
                             constr:(expr.var "x116")));
                           ("x118" =
                            (constr:(expr.var "x34") +
                             constr:(expr.var "x10")));
                           ("x119" =
                            (constr:(expr.var "x118") <
                             constr:(expr.var "x34")));
                           ("x120" =
                            (constr:(expr.var "x119") +
                             constr:(expr.var "x35")));
                           ("x121" =
                            (constr:(expr.var "x120") <
                             constr:(expr.var "x35")));
                           ("x122" =
                            (constr:(expr.var "x120") +
                             constr:(expr.var "x11")));
                           ("x123" =
                            (constr:(expr.var "x122") <
                             constr:(expr.var "x11")));
                           ("x124" =
                            (constr:(expr.var "x121") +
                             constr:(expr.var "x123")));
                           ("x125" =
                            (constr:(expr.var "x38") +
                             constr:(expr.var "x118")));
                           ("x126" =
                            (constr:(expr.var "x125") <
                             constr:(expr.var "x38")));
                           ("x127" =
                            (constr:(expr.var "x126") +
                             constr:(expr.var "x39")));
                           ("x128" =
                            (constr:(expr.var "x127") <
                             constr:(expr.var "x39")));
                           ("x129" =
                            (constr:(expr.var "x127") +
                             constr:(expr.var "x122")));
                           ("x130" =
                            (constr:(expr.var "x129") <
                             constr:(expr.var "x122")));
                           ("x131" =
                            (constr:(expr.var "x128") +
                             constr:(expr.var "x130")));
                           ("x132" =
                            (constr:(expr.var "x44") +
                             constr:(expr.var "x125")));
                           ("x133" =
                            (constr:(expr.var "x132") <
                             constr:(expr.var "x44")));
                           ("x134" =
                            (constr:(expr.var "x133") +
                             constr:(expr.var "x45")));
                           ("x135" =
                            (constr:(expr.var "x134") <
                             constr:(expr.var "x45")));
                           ("x136" =
                            (constr:(expr.var "x134") +
                             constr:(expr.var "x129")));
                           ("x137" =
                            (constr:(expr.var "x136") <
                             constr:(expr.var "x129")));
                           ("x138" =
                            (constr:(expr.var "x135") +
                             constr:(expr.var "x137")));
                           ("x139" =
                            (constr:(expr.var "x52") +
                             constr:(expr.var "x132")));
                           ("x140" =
                            (constr:(expr.var "x139") <
                             constr:(expr.var "x52")));
                           ("x141" =
                            (constr:(expr.var "x140") +
                             constr:(expr.var "x53")));
                           ("x142" =
                            (constr:(expr.var "x141") <
                             constr:(expr.var "x53")));
                           ("x143" =
                            (constr:(expr.var "x141") +
                             constr:(expr.var "x136")));
                           ("x144" =
                            (constr:(expr.var "x143") <
                             constr:(expr.var "x136")));
                           ("x145" =
                            (constr:(expr.var "x142") +
                             constr:(expr.var "x144")));
                           ("x146" =
                            (constr:(expr.var "x18") +
                             constr:(expr.var "x12")));
                           ("x147" =
                            (constr:(expr.var "x146") <
                             constr:(expr.var "x18")));
                           ("x148" =
                            (constr:(expr.var "x147") +
                             constr:(expr.var "x19")));
                           ("x149" =
                            (constr:(expr.var "x148") <
                             constr:(expr.var "x19")));
                           ("x150" =
                            (constr:(expr.var "x148") +
                             constr:(expr.var "x13")));
                           ("x151" =
                            (constr:(expr.var "x150") <
                             constr:(expr.var "x13")));
                           ("x152" =
                            (constr:(expr.var "x149") +
                             constr:(expr.var "x151")));
                           ("x153" =
                            (constr:(expr.var "x40") +
                             constr:(expr.var "x146")));
                           ("x154" =
                            (constr:(expr.var "x153") <
                             constr:(expr.var "x40")));
                           ("x155" =
                            (constr:(expr.var "x154") +
                             constr:(expr.var "x41")));
                           ("x156" =
                            (constr:(expr.var "x155") <
                             constr:(expr.var "x41")));
                           ("x157" =
                            (constr:(expr.var "x155") +
                             constr:(expr.var "x150")));
                           ("x158" =
                            (constr:(expr.var "x157") <
                             constr:(expr.var "x150")));
                           ("x159" =
                            (constr:(expr.var "x156") +
                             constr:(expr.var "x158")));
                           ("x160" =
                            (constr:(expr.var "x46") +
                             constr:(expr.var "x153")));
                           ("x161" =
                            (constr:(expr.var "x160") <
                             constr:(expr.var "x46")));
                           ("x162" =
                            (constr:(expr.var "x161") +
                             constr:(expr.var "x47")));
                           ("x163" =
                            (constr:(expr.var "x162") <
                             constr:(expr.var "x47")));
                           ("x164" =
                            (constr:(expr.var "x162") +
                             constr:(expr.var "x157")));
                           ("x165" =
                            (constr:(expr.var "x164") <
                             constr:(expr.var "x157")));
                           ("x166" =
                            (constr:(expr.var "x163") +
                             constr:(expr.var "x165")));
                           ("x167" =
                            (constr:(expr.var "x54") +
                             constr:(expr.var "x160")));
                           ("x168" =
                            (constr:(expr.var "x167") <
                             constr:(expr.var "x54")));
                           ("x169" =
                            (constr:(expr.var "x168") +
                             constr:(expr.var "x55")));
                           ("x170" =
                            (constr:(expr.var "x169") <
                             constr:(expr.var "x55")));
                           ("x171" =
                            (constr:(expr.var "x169") +
                             constr:(expr.var "x164")));
                           ("x172" =
                            (constr:(expr.var "x171") <
                             constr:(expr.var "x164")));
                           ("x173" =
                            (constr:(expr.var "x170") +
                             constr:(expr.var "x172")));
                           ("x174" =
                            (constr:(expr.var "x20") +
                             constr:(expr.var "x14")));
                           ("x175" =
                            (constr:(expr.var "x174") <
                             constr:(expr.var "x20")));
                           ("x176" =
                            (constr:(expr.var "x175") +
                             constr:(expr.var "x21")));
                           ("x177" =
                            (constr:(expr.var "x176") <
                             constr:(expr.var "x21")));
                           ("x178" =
                            (constr:(expr.var "x176") +
                             constr:(expr.var "x15")));
                           ("x179" =
                            (constr:(expr.var "x178") <
                             constr:(expr.var "x15")));
                           ("x180" =
                            (constr:(expr.var "x177") +
                             constr:(expr.var "x179")));
                           ("x181" =
                            (constr:(expr.var "x24") +
                             constr:(expr.var "x174")));
                           ("x182" =
                            (constr:(expr.var "x181") <
                             constr:(expr.var "x24")));
                           ("x183" =
                            (constr:(expr.var "x182") +
                             constr:(expr.var "x25")));
                           ("x184" =
                            (constr:(expr.var "x183") <
                             constr:(expr.var "x25")));
                           ("x185" =
                            (constr:(expr.var "x183") +
                             constr:(expr.var "x178")));
                           ("x186" =
                            (constr:(expr.var "x185") <
                             constr:(expr.var "x178")));
                           ("x187" =
                            (constr:(expr.var "x184") +
                             constr:(expr.var "x186")));
                           ("x188" =
                            (constr:(expr.var "x48") +
                             constr:(expr.var "x181")));
                           ("x189" =
                            (constr:(expr.var "x188") <
                             constr:(expr.var "x48")));
                           ("x190" =
                            (constr:(expr.var "x189") +
                             constr:(expr.var "x49")));
                           ("x191" =
                            (constr:(expr.var "x190") <
                             constr:(expr.var "x49")));
                           ("x192" =
                            (constr:(expr.var "x190") +
                             constr:(expr.var "x185")));
                           ("x193" =
                            (constr:(expr.var "x192") <
                             constr:(expr.var "x185")));
                           ("x194" =
                            (constr:(expr.var "x191") +
                             constr:(expr.var "x193")));
                           ("x195" =
                            (constr:(expr.var "x56") +
                             constr:(expr.var "x188")));
                           ("x196" =
                            (constr:(expr.var "x195") <
                             constr:(expr.var "x56")));
                           ("x197" =
                            (constr:(expr.var "x196") +
                             constr:(expr.var "x57")));
                           ("x198" =
                            (constr:(expr.var "x197") <
                             constr:(expr.var "x57")));
                           ("x199" =
                            (constr:(expr.var "x197") +
                             constr:(expr.var "x192")));
                           ("x200" =
                            (constr:(expr.var "x199") <
                             constr:(expr.var "x192")));
                           ("x201" =
                            (constr:(expr.var "x198") +
                             constr:(expr.var "x200")));
                           ("x202" =
                            (constr:(expr.var "x88") +
                             constr:(expr.var "x195")));
                           ("x203" =
                            (constr:(expr.var "x202") <
                             constr:(expr.var "x88")));
                           ("x204" =
                            (constr:(expr.var "x203") +
                             constr:(expr.var "x199")));
                           ("x205" =
                            (constr:(expr.var "x202") >>
                             constr:(expr.literal 51)
                             | constr:(expr.var "x204") <<
                               constr:(expr.literal 13)));
                           ("x206" =
                            (constr:(expr.var "x202") &
                             constr:(expr.literal 2251799813685247)));
                           ("x207" =
                            (constr:(expr.var "x205") +
                             constr:(expr.var "x167")));
                           ("x208" =
                            (constr:(expr.var "x207") <
                             constr:(expr.var "x205")));
                           ("x209" =
                            (constr:(expr.var "x208") +
                             constr:(expr.var "x171")));
                           ("x210" =
                            (constr:(expr.var "x207") >>
                             constr:(expr.literal 51)
                             | constr:(expr.var "x209") <<
                               constr:(expr.literal 13)));
                           ("x211" =
                            (constr:(expr.var "x207") &
                             constr:(expr.literal 2251799813685247)));
                           ("x212" =
                            (constr:(expr.var "x210") +
                             constr:(expr.var "x139")));
                           ("x213" =
                            (constr:(expr.var "x212") <
                             constr:(expr.var "x210")));
                           ("x214" =
                            (constr:(expr.var "x213") +
                             constr:(expr.var "x143")));
                           ("x215" =
                            (constr:(expr.var "x212") >>
                             constr:(expr.literal 51)
                             | constr:(expr.var "x214") <<
                               constr:(expr.literal 13)));
                           ("x216" =
                            (constr:(expr.var "x212") &
                             constr:(expr.literal 2251799813685247)));
                           ("x217" =
                            (constr:(expr.var "x215") +
                             constr:(expr.var "x111")));
                           ("x218" =
                            (constr:(expr.var "x217") <
                             constr:(expr.var "x215")));
                           ("x219" =
                            (constr:(expr.var "x218") +
                             constr:(expr.var "x115")));
                           ("x220" =
                            (constr:(expr.var "x217") >>
                             constr:(expr.literal 51)
                             | constr:(expr.var "x219") <<
                               constr:(expr.literal 13)));
                           ("x221" =
                            (constr:(expr.var "x217") &
                             constr:(expr.literal 2251799813685247)));
                           ("x222" =
                            (constr:(expr.var "x220") *
                             constr:(expr.literal 19)));
                           ("x223" =
                            (constr:(expr.var "x89") +
                             constr:(expr.var "x222")));
                           ("x224" =
                            (constr:(expr.var "x223") >>
                             constr:(expr.literal 51)));
                           ("x225" =
                            (constr:(expr.var "x223") &
                             constr:(expr.literal 2251799813685247)));
                           ("x226" =
                            (constr:(expr.var "x224") +
                             constr:(expr.var "x206")));
                           ("x227" =
                            (constr:(expr.var "x226") >>
                             constr:(expr.literal 51)));
                           ("x228" =
                            (constr:(expr.var "x226") &
                             constr:(expr.literal 2251799813685247)));
                           ("x229" =
                            (constr:(expr.var "x227") +
                             constr:(expr.var "x211")));
                           ("x230" = (constr:(expr.var "x225")));
                           ("x231" = (constr:(expr.var "x228")));
                           ("x232" = (constr:(expr.var "x229")));
                           ("x233" = (constr:(expr.var "x216")));
                           ("x234" = (constr:(expr.var "x221")));
                           /*skip*/);
                          (store( constr:(expr.var "ret") +
                                  constr:(expr.literal 0),
                           constr:(expr.var "x230")));
                          (store( constr:(expr.var "ret") +
                                  constr:(expr.literal 8),
                           constr:(expr.var "x231")));
                          (store( constr:(expr.var "ret") +
                                  constr:(expr.literal 16),
                           constr:(expr.var "x232")));
                          (store( constr:(expr.var "ret") +
                                  constr:(expr.literal 24),
                           constr:(expr.var "x233")));
                          (store( constr:(expr.var "ret") +
                                  constr:(expr.literal 32),
                           constr:(expr.var "x234")));
                          /*skip*/)
     : cmd
