[0;31m[1mFAILED:(B[m [0;31msrc/ExtractionOCaml/unsaturated_solinas poly1305 64 3 '2^130 - 5' carry_square --no-wide-int --tight-bounds-mul-by 1.000001 --hints-file fiat-amd64/10.67_ratio11074_seed2040113663254706_square_poly1305.asm -o /dev/null --output-asm /dev/null[0m
[0;31m[1mFAILED:(B[m [0;31msrc/ExtractionOCaml/unsaturated_solinas p521 64 9 '2^521 - 1' carry_square --no-wide-int --tight-bounds-mul-by 1.000001 --hints-file fiat-amd64/10099_eval10of50_ratio10087_seed1785685356_square_p521.asm -o /dev/null --output-asm /dev/null[0m
[0;31m[1mFAILED:(B[m [0;31msrc/ExtractionOCaml/unsaturated_solinas poly1305 64 3 '2^130 - 5' carry_mul --no-wide-int --tight-bounds-mul-by 1.000001 --hints-file fiat-amd64/10483_eval10of50_ratio09540_seed1785685356_mul_poly1305.asm -o /dev/null --output-asm /dev/null[0m
[0;32m[1mPASSED:(B[m[0m src/ExtractionOCaml/word_by_word_montgomery secp256k1 64 '2^256 - 2^32 - 977' mul --no-wide-int --hints-file fiat-amd64/105.50_ratio12370_seed1660769872531946_mul_secp256k1.asm -o /dev/null --output-asm /dev/null
[0;31m[1mFAILED:(B[m [0;31msrc/ExtractionOCaml/unsaturated_solinas poly1305 64 3 '2^130 - 5' carry_square --no-wide-int --tight-bounds-mul-by 1.000001 --hints-file fiat-amd64/10541_eval10of50_ratio09504_seed1785685356_square_poly1305.asm -o /dev/null --output-asm /dev/null[0m
[0;31m[1mFAILED:(B[m [0;31msrc/ExtractionOCaml/unsaturated_solinas p448 64 8 '2^448 - 2^224 - 1' carry_square --no-wide-int --tight-bounds-mul-by 1.000001 --hints-file fiat-amd64/106.45_ratio07095_seed2797871388934122_square_p448_solinas.asm -o /dev/null --output-asm /dev/null[0m
[0;31m[1mFAILED:(B[m [0;31msrc/ExtractionOCaml/unsaturated_solinas curve25519 64 5 '2^255 - 19' carry_square --no-wide-int --tight-bounds-mul-by 1.000001 --hints-file fiat-amd64/10643_eval10of50_ratio09374_seed1785685356_square_curve25519.asm -o /dev/null --output-asm /dev/null[0m
[0;31m[1mFAILED:(B[m [0;31msrc/ExtractionOCaml/unsaturated_solinas curve25519 64 5 '2^255 - 19' carry_mul --no-wide-int --tight-bounds-mul-by 1.000001 --hints-file fiat-amd64/10748_eval10of50_ratio09377_seed1785685356_mul_curve25519.asm -o /dev/null --output-asm /dev/null[0m
[0;32m[1mPASSED:(B[m[0m src/ExtractionOCaml/word_by_word_montgomery secp256k1 64 '2^256 - 2^32 - 977' square --no-wide-int --hints-file fiat-amd64/108.18_ratio13200_seed1947243449658116_square_secp256k1.asm -o /dev/null --output-asm /dev/null
[0;31m[1mFAILED:(B[m [0;31msrc/ExtractionOCaml/unsaturated_solinas p448 64 8 '2^448 - 2^224 - 1' carry_square --no-wide-int --tight-bounds-mul-by 1.000001 --hints-file fiat-amd64/109.09_run500of10000_ratio05166_seed239269960_square_p448_solinas.asm -o /dev/null --output-asm /dev/null[0m
[0;32m[1mPASSED:(B[m[0m src/ExtractionOCaml/word_by_word_montgomery secp256k1 64 '2^256 - 2^32 - 977' square --no-wide-int --hints-file fiat-amd64/109.83_ratio10963_seed1201025027389101_square_secp256k1.asm -o /dev/null --output-asm /dev/null
[0;31m[1mFAILED:(B[m [0;31msrc/ExtractionOCaml/unsaturated_solinas p448 64 8 '2^448 - 2^224 - 1' carry_square --no-wide-int --tight-bounds-mul-by 1.000001 --hints-file fiat-amd64/110.11_ratio07038_seed1926673388220806_square_p448_solinas.asm -o /dev/null --output-asm /dev/null[0m
[0;31m[1mFAILED:(B[m [0;31msrc/ExtractionOCaml/unsaturated_solinas p448 64 8 '2^448 - 2^224 - 1' carry_square --no-wide-int --tight-bounds-mul-by 1.000001 --hints-file fiat-amd64/114.99_ratio08834_seed3078291382487252_square_p448_solinas.asm -o /dev/null --output-asm /dev/null[0m
[0;31m[1mFAILED:(B[m [0;31msrc/ExtractionOCaml/unsaturated_solinas p521 64 9 '2^521 - 1' carry_mul --no-wide-int --tight-bounds-mul-by 1.000001 --hints-file fiat-amd64/119.02_ratio09671_seed3926842789276768_mul_p521.asm -o /dev/null --output-asm /dev/null[0m
[0;31m[1mFAILED:(B[m [0;31msrc/ExtractionOCaml/unsaturated_solinas p448 64 8 '2^448 - 2^224 - 1' carry_square --no-wide-int --tight-bounds-mul-by 1.000001 --hints-file fiat-amd64/127.14_ratio07783_seed3468290092887263_square_p448_solinas.asm -o /dev/null --output-asm /dev/null[0m
[0;31m[1mFAILED:(B[m [0;31msrc/ExtractionOCaml/unsaturated_solinas p521 64 9 '2^521 - 1' carry_mul --no-wide-int --tight-bounds-mul-by 1.000001 --hints-file fiat-amd64/12771_eval10of50_ratio07967_seed1785685356_mul_p521.asm -o /dev/null --output-asm /dev/null[0m
[0;31m[1mFAILED:(B[m [0;31msrc/ExtractionOCaml/unsaturated_solinas poly1305 64 3 '2^130 - 5' carry_mul --no-wide-int --tight-bounds-mul-by 1.000001 --hints-file fiat-amd64/13.24_ratio11452_seed2385502359727706_mul_poly1305.asm -o /dev/null --output-asm /dev/null[0m
[0;31m[1mFAILED:(B[m [0;31msrc/ExtractionOCaml/unsaturated_solinas poly1305 64 3 '2^130 - 5' carry_square --no-wide-int --tight-bounds-mul-by 1.000001 --hints-file fiat-amd64/13.88_ratio11342_seed989931496276831_square_poly1305.asm -o /dev/null --output-asm /dev/null[0m
[0;31m[1mFAILED:(B[m [0;31msrc/ExtractionOCaml/unsaturated_solinas p521 64 9 '2^521 - 1' carry_mul --no-wide-int --tight-bounds-mul-by 1.000001 --hints-file fiat-amd64/133.57_ratio10625_seed3179949323651885_mul_p521.asm -o /dev/null --output-asm /dev/null[0m
[0;32m[1mPASSED:(B[m[0m src/ExtractionOCaml/word_by_word_montgomery p384 64 '2^384 - 2^128 - 2^96 + 2^32 - 1' square --no-wide-int --hints-file fiat-amd64/136.51_ratio08055_seed4259079871647348_square_p384.asm -o /dev/null --output-asm /dev/null
[0;32m[1mPASSED:(B[m[0m src/ExtractionOCaml/word_by_word_montgomery p384 64 '2^384 - 2^128 - 2^96 + 2^32 - 1' mul --no-wide-int --hints-file fiat-amd64/137.18_ratio08632_seed3764303852282748_mul_p384.asm -o /dev/null --output-asm /dev/null
[0;31m[1mFAILED:(B[m [0;31msrc/ExtractionOCaml/unsaturated_solinas p521 64 9 '2^521 - 1' carry_square --no-wide-int --tight-bounds-mul-by 1.000001 --hints-file fiat-amd64/141.31_ratio10675_seed3277703234885713_square_p521.asm -o /dev/null --output-asm /dev/null[0m
[0;31m[1mFAILED:(B[m [0;31msrc/ExtractionOCaml/unsaturated_solinas p521 64 9 '2^521 - 1' carry_mul --no-wide-int --tight-bounds-mul-by 1.000001 --hints-file fiat-amd64/144.28_ratio10700_seed380019983455042_mul_p521.asm -o /dev/null --output-asm /dev/null[0m
[0;31m[1mFAILED:(B[m [0;31msrc/ExtractionOCaml/unsaturated_solinas p521 64 9 '2^521 - 1' carry_mul --no-wide-int --tight-bounds-mul-by 1.000001 --hints-file fiat-amd64/145.56_ratio10351_seed3475301888420410_mul_p521.asm -o /dev/null --output-asm /dev/null[0m
[0;31m[1mFAILED:(B[m [0;31msrc/ExtractionOCaml/unsaturated_solinas p448 64 8 '2^448 - 2^224 - 1' carry_mul --no-wide-int --tight-bounds-mul-by 1.000001 --hints-file fiat-amd64/15755_eval10of50_ratio06439_seed1785685356_mul_p448_solinas.asm -o /dev/null --output-asm /dev/null[0m
[0;31m[1mFAILED:(B[m [0;31msrc/ExtractionOCaml/unsaturated_solinas curve25519 64 5 '2^255 - 19' carry_square --no-wide-int --tight-bounds-mul-by 1.000001 --hints-file fiat-amd64/16.02_ratio12241_seed4460917673401922_square_curve25519.asm -o /dev/null --output-asm /dev/null[0m
[0;31m[1mFAILED:(B[m [0;31msrc/ExtractionOCaml/unsaturated_solinas poly1305 64 3 '2^130 - 5' carry_mul --no-wide-int --tight-bounds-mul-by 1.000001 --hints-file fiat-amd64/16.35_ratio10468_seed202140007933080_mul_poly1305.asm -o /dev/null --output-asm /dev/null[0m
[0;31m[1mFAILED:(B[m [0;31msrc/ExtractionOCaml/unsaturated_solinas p521 64 9 '2^521 - 1' carry_mul --no-wide-int --tight-bounds-mul-by 1.000001 --hints-file fiat-amd64/163.02_ratio13059_seed2414091731930389_mul_p521.asm -o /dev/null --output-asm /dev/null[0m
[0;31m[1mFAILED:(B[m [0;31msrc/ExtractionOCaml/unsaturated_solinas poly1305 64 3 '2^130 - 5' carry_mul --no-wide-int --tight-bounds-mul-by 1.000001 --hints-file fiat-amd64/17.71_ratio10643_seed3175310705764234_mul_poly1305.asm -o /dev/null --output-asm /dev/null[0m
[0;31m[1mFAILED:(B[m [0;31msrc/ExtractionOCaml/unsaturated_solinas p448 64 8 '2^448 - 2^224 - 1' carry_square --no-wide-int --tight-bounds-mul-by 1.000001 --hints-file fiat-amd64/17654_eval10of50_ratio05675_seed1785685356_square_p448_solinas.asm -o /dev/null --output-asm /dev/null[0m
[0;31m[1mFAILED:(B[m [0;31msrc/ExtractionOCaml/unsaturated_solinas p448 64 8 '2^448 - 2^224 - 1' carry_square --no-wide-int --tight-bounds-mul-by 1.000001 --hints-file fiat-amd64/177.17_ratio07019_seed3549696848003676_square_p448_solinas.asm -o /dev/null --output-asm /dev/null[0m
[0;31m[1mFAILED:(B[m [0;31msrc/ExtractionOCaml/unsaturated_solinas p448 64 8 '2^448 - 2^224 - 1' carry_mul --no-wide-int --tight-bounds-mul-by 1.000001 --hints-file fiat-amd64/178.66_ratio06168_seed42736280487937_mul_p448_solinas.asm -o /dev/null --output-asm /dev/null[0m
[0;31m[1mFAILED:(B[m [0;31msrc/ExtractionOCaml/unsaturated_solinas p448 64 8 '2^448 - 2^224 - 1' carry_mul --no-wide-int --tight-bounds-mul-by 1.000001 --hints-file fiat-amd64/185.66_ratio06892_seed3983286574960897_mul_p448_solinas.asm -o /dev/null --output-asm /dev/null[0m
[0;31m[1mFAILED:(B[m [0;31msrc/ExtractionOCaml/unsaturated_solinas p448 64 8 '2^448 - 2^224 - 1' carry_mul --no-wide-int --tight-bounds-mul-by 1.000001 --hints-file fiat-amd64/187.54_ratio07467_seed95742508246954_mul_p448_solinas.asm -o /dev/null --output-asm /dev/null[0m
[0;31m[1mFAILED:(B[m [0;31msrc/ExtractionOCaml/unsaturated_solinas poly1305 64 3 '2^130 - 5' carry_mul --no-wide-int --tight-bounds-mul-by 1.000001 --hints-file fiat-amd64/19.84_run0of10000_ratio08458_seed281000036_mul_poly1305.asm -o /dev/null --output-asm /dev/null[0m
[0;31m[1mFAILED:(B[m [0;31msrc/ExtractionOCaml/unsaturated_solinas poly1305 64 3 '2^130 - 5' carry_square --no-wide-int --tight-bounds-mul-by 1.000001 --hints-file fiat-amd64/19.90_ratio09545_seed4133336594047700_square_poly1305.asm -o /dev/null --output-asm /dev/null[0m
[0;32m[1mPASSED:(B[m[0m src/ExtractionOCaml/word_by_word_montgomery p384 64 '2^384 - 2^128 - 2^96 + 2^32 - 1' square --no-wide-int --hints-file fiat-amd64/191.53_ratio08381_seed1292680342693278_square_p384.asm -o /dev/null --output-asm /dev/null
[0;31m[1mFAILED:(B[m [0;31msrc/ExtractionOCaml/unsaturated_solinas p448 64 8 '2^448 - 2^224 - 1' carry_mul --no-wide-int --tight-bounds-mul-by 1.000001 --hints-file fiat-amd64/196.68_ratio06710_seed3286030842510209_mul_p448_solinas.asm -o /dev/null --output-asm /dev/null[0m
[0;31m[1mFAILED:(B[m [0;31msrc/ExtractionOCaml/unsaturated_solinas poly1305 64 3 '2^130 - 5' carry_square --no-wide-int --tight-bounds-mul-by 1.000001 --hints-file fiat-amd64/20.24_ratio10303_seed4854042474810_square_poly1305.asm -o /dev/null --output-asm /dev/null[0m
[0;31m[1mFAILED:(B[m [0;31msrc/ExtractionOCaml/unsaturated_solinas poly1305 64 3 '2^130 - 5' carry_square --no-wide-int --tight-bounds-mul-by 1.000001 --hints-file fiat-amd64/20.45_ratio11002_seed1572008938505072_square_poly1305.asm -o /dev/null --output-asm /dev/null[0m
[0;31m[1mFAILED:(B[m [0;31msrc/ExtractionOCaml/unsaturated_solinas p521 64 9 '2^521 - 1' carry_mul --no-wide-int --tight-bounds-mul-by 1.000001 --hints-file fiat-amd64/203.94_ratio09640_seed2833800931993071_mul_p521.asm -o /dev/null --output-asm /dev/null[0m
[0;32m[1mPASSED:(B[m[0m src/ExtractionOCaml/word_by_word_montgomery p384 64 '2^384 - 2^128 - 2^96 + 2^32 - 1' mul --no-wide-int --hints-file fiat-amd64/206.96_ratio08479_seed4366091815975477_mul_p384.asm -o /dev/null --output-asm /dev/null
[0;32m[1mPASSED:(B[m[0m src/ExtractionOCaml/word_by_word_montgomery p384 64 '2^384 - 2^128 - 2^96 + 2^32 - 1' square --no-wide-int --hints-file fiat-amd64/211.62_ratio07944_seed2584814796855012_square_p384.asm -o /dev/null --output-asm /dev/null
[0;32m[1mPASSED:(B[m[0m src/ExtractionOCaml/word_by_word_montgomery p384 64 '2^384 - 2^128 - 2^96 + 2^32 - 1' mul --no-wide-int --hints-file fiat-amd64/213.89_ratio08324_seed2631520366048122_mul_p384.asm -o /dev/null --output-asm /dev/null
[0;32m[1mPASSED:(B[m[0m src/ExtractionOCaml/word_by_word_montgomery p384 64 '2^384 - 2^128 - 2^96 + 2^32 - 1' mul --no-wide-int --hints-file fiat-amd64/214.93_ratio08498_seed1525563746357639_mul_p384.asm -o /dev/null --output-asm /dev/null
[0;31m[1mFAILED:(B[m [0;31msrc/ExtractionOCaml/unsaturated_solinas p448 64 8 '2^448 - 2^224 - 1' carry_mul --no-wide-int --tight-bounds-mul-by 1.000001 --hints-file fiat-amd64/217.63_ratio08160_seed2132581807946336_mul_p448_solinas.asm -o /dev/null --output-asm /dev/null[0m
[0;31m[1mFAILED:(B[m [0;31msrc/ExtractionOCaml/unsaturated_solinas poly1305 64 3 '2^130 - 5' carry_mul --no-wide-int --tight-bounds-mul-by 1.000001 --hints-file fiat-amd64/22.66_ratio12159_seed3867572441203858_mul_poly1305.asm -o /dev/null --output-asm /dev/null[0m
[0;31m[1mFAILED:(B[m [0;31msrc/ExtractionOCaml/word_by_word_montgomery p434 64 '2^216 * 3^137 - 1' square --no-wide-int --hints-file fiat-amd64/224.60_ratio09379_seed3894390947325035_square_p434.asm -o /dev/null --output-asm /dev/null[0m
[0;32m[1mPASSED:(B[m[0m src/ExtractionOCaml/word_by_word_montgomery p384 64 '2^384 - 2^128 - 2^96 + 2^32 - 1' square --no-wide-int --hints-file fiat-amd64/225.69_ratio07223_seed2960644640191953_square_p384.asm -o /dev/null --output-asm /dev/null
[0;31m[1mFAILED:(B[m [0;31msrc/ExtractionOCaml/unsaturated_solinas poly1305 64 3 '2^130 - 5' carry_mul --no-wide-int --tight-bounds-mul-by 1.000001 --hints-file fiat-amd64/23.09_ratio10796_seed2825755522683576_mul_poly1305.asm -o /dev/null --output-asm /dev/null[0m
[0;31m[1mFAILED:(B[m [0;31msrc/ExtractionOCaml/unsaturated_solinas poly1305 64 3 '2^130 - 5' carry_mul --no-wide-int --tight-bounds-mul-by 1.000001 --hints-file fiat-amd64/23.11_ratio11086_seed2191923489898950_mul_poly1305.asm -o /dev/null --output-asm /dev/null[0m
[0;31m[1mFAILED:(B[m [0;31msrc/ExtractionOCaml/unsaturated_solinas poly1305 64 3 '2^130 - 5' carry_square --no-wide-int --tight-bounds-mul-by 1.000001 --hints-file fiat-amd64/23.85_ratio11197_seed3328442630777717_square_poly1305.asm -o /dev/null --output-asm /dev/null[0m
[0;32m[1mPASSED:(B[m[0m src/ExtractionOCaml/word_by_word_montgomery p384 64 '2^384 - 2^128 - 2^96 + 2^32 - 1' square --no-wide-int --hints-file fiat-amd64/235.09_ratio08872_seed718657245800066_square_p384.asm -o /dev/null --output-asm /dev/null
[0;31m[1mFAILED:(B[m [0;31msrc/ExtractionOCaml/word_by_word_montgomery p434 64 '2^216 * 3^137 - 1' mul --no-wide-int --hints-file fiat-amd64/240.21_ratio09423_seed535677244591890_mul_p434.asm -o /dev/null --output-asm /dev/null[0m
[0;31m[1mFAILED:(B[m [0;31msrc/ExtractionOCaml/unsaturated_solinas p448 64 8 '2^448 - 2^224 - 1' carry_mul --no-wide-int --tight-bounds-mul-by 1.000001 --hints-file fiat-amd64/243.45_ratio07873_seed2606129114143455_mul_p448_solinas.asm -o /dev/null --output-asm /dev/null[0m
[0;31m[1mFAILED:(B[m [0;31msrc/ExtractionOCaml/unsaturated_solinas curve25519 64 5 '2^255 - 19' carry_square --no-wide-int --tight-bounds-mul-by 1.000001 --hints-file fiat-amd64/26.66_ratio12526_seed1385492581365969_square_curve25519.asm -o /dev/null --output-asm /dev/null[0m
[0;31m[1mFAILED:(B[m [0;31msrc/ExtractionOCaml/unsaturated_solinas p521 64 9 '2^521 - 1' carry_mul --no-wide-int --tight-bounds-mul-by 1.000001 --hints-file fiat-amd64/266.00_ratio09375_seed4172627766484181_mul_p521.asm -o /dev/null --output-asm /dev/null[0m
[0;31m[1mFAILED:(B[m [0;31msrc/ExtractionOCaml/unsaturated_solinas curve25519 64 5 '2^255 - 19' carry_mul --no-wide-int --tight-bounds-mul-by 1.000001 --hints-file fiat-amd64/27.26_ratio12379_seed3644061545824544_mul_curve25519.asm -o /dev/null --output-asm /dev/null[0m
[0;32m[1mPASSED:(B[m[0m src/ExtractionOCaml/word_by_word_montgomery p384 64 '2^384 - 2^128 - 2^96 + 2^32 - 1' square --no-wide-int --hints-file fiat-amd64/273.53_ratio08274_seed2438481381420792_square_p384.asm -o /dev/null --output-asm /dev/null
[0;31m[1mFAILED:(B[m [0;31msrc/ExtractionOCaml/word_by_word_montgomery p434 64 '2^216 * 3^137 - 1' square --no-wide-int --hints-file fiat-amd64/286.27_ratio11637_seed699744043147816_square_p434.asm -o /dev/null --output-asm /dev/null[0m
[0;32m[1mPASSED:(B[m[0m src/ExtractionOCaml/word_by_word_montgomery p384 64 '2^384 - 2^128 - 2^96 + 2^32 - 1' square --no-wide-int --hints-file fiat-amd64/289.17_ratio08237_seed4091147453534096_square_p384.asm -o /dev/null --output-asm /dev/null
[0;32m[1mPASSED:(B[m[0m src/ExtractionOCaml/word_by_word_montgomery p384 64 '2^384 - 2^128 - 2^96 + 2^32 - 1' mul --no-wide-int --hints-file fiat-amd64/289.28_ratio08194_seed629307854069783_mul_p384.asm -o /dev/null --output-asm /dev/null
[0;31m[1mFAILED:(B[m [0;31msrc/ExtractionOCaml/unsaturated_solinas curve25519 64 5 '2^255 - 19' carry_square --no-wide-int --tight-bounds-mul-by 1.000001 --hints-file fiat-amd64/29.69_ratio12300_seed2886888088419340_square_curve25519.asm -o /dev/null --output-asm /dev/null[0m
[0;32m[1mPASSED:(B[m[0m src/ExtractionOCaml/word_by_word_montgomery p384 64 '2^384 - 2^128 - 2^96 + 2^32 - 1' mul --no-wide-int --hints-file fiat-amd64/306.00_ratio08343_seed1466306520902851_mul_p384.asm -o /dev/null --output-asm /dev/null
[0;31m[1mFAILED:(B[m [0;31msrc/ExtractionOCaml/word_by_word_montgomery p434 64 '2^216 * 3^137 - 1' square --no-wide-int --hints-file fiat-amd64/321.11_ratio11255_seed1206177160463392_square_p434.asm -o /dev/null --output-asm /dev/null[0m
[0;31m[1mFAILED:(B[m [0;31msrc/ExtractionOCaml/word_by_word_montgomery p434 64 '2^216 * 3^137 - 1' mul --no-wide-int --hints-file fiat-amd64/324.36_ratio10962_seed3664281231704237_mul_p434.asm -o /dev/null --output-asm /dev/null[0m
[0;31m[1mFAILED:(B[m [0;31msrc/ExtractionOCaml/unsaturated_solinas p448 64 8 '2^448 - 2^224 - 1' carry_mul --no-wide-int --tight-bounds-mul-by 1.000001 --hints-file fiat-amd64/327.96_ratio06423_seed3148466208367815_mul_p448_solinas.asm -o /dev/null --output-asm /dev/null[0m
[0;31m[1mFAILED:(B[m [0;31msrc/ExtractionOCaml/unsaturated_solinas poly1305 64 3 '2^130 - 5' carry_mul --no-wide-int --tight-bounds-mul-by 1.000001 --hints-file fiat-amd64/33.03_ratio10189_seed2792533714102208_mul_poly1305.asm -o /dev/null --output-asm /dev/null[0m
[0;31m[1mFAILED:(B[m [0;31msrc/ExtractionOCaml/unsaturated_solinas poly1305 64 3 '2^130 - 5' carry_square --no-wide-int --tight-bounds-mul-by 1.000001 --hints-file fiat-amd64/33.71_ratio16752_seed267833281830466_square_poly1305.asm -o /dev/null --output-asm /dev/null[0m
[0;32m[1mPASSED:(B[m[0m src/ExtractionOCaml/word_by_word_montgomery p256 64 '2^256 - 2^224 + 2^192 + 2^96 - 1' mul --no-wide-int --hints-file fiat-amd64/34.46_ratio12577_seed2381330932113131_mul_p256.asm -o /dev/null --output-asm /dev/null
[0;31m[1mFAILED:(B[m [0;31msrc/ExtractionOCaml/unsaturated_solinas curve25519 64 5 '2^255 - 19' carry_square --no-wide-int --tight-bounds-mul-by 1.000001 --hints-file fiat-amd64/34.61_ratio11891_seed162111320133243_square_curve25519.asm -o /dev/null --output-asm /dev/null[0m
[0;31m[1mFAILED:(B[m [0;31msrc/ExtractionOCaml/unsaturated_solinas curve25519 64 5 '2^255 - 19' carry_mul --no-wide-int --tight-bounds-mul-by 1.000001 --hints-file fiat-amd64/35.64_ratio12722_seed1894487979817632_mul_curve25519.asm -o /dev/null --output-asm /dev/null[0m
[0;31m[1mFAILED:(B[m [0;31msrc/ExtractionOCaml/unsaturated_solinas curve25519 64 5 '2^255 - 19' carry_square --no-wide-int --tight-bounds-mul-by 1.000001 --hints-file fiat-amd64/36.70_ratio11593_seed257070995500385_square_curve25519.asm -o /dev/null --output-asm /dev/null[0m
[0;31m[1mFAILED:(B[m [0;31msrc/ExtractionOCaml/unsaturated_solinas curve25519 64 5 '2^255 - 19' carry_square --no-wide-int --tight-bounds-mul-by 1.000001 --hints-file fiat-amd64/36.89_ratio13024_seed1247118595307020_square_curve25519.asm -o /dev/null --output-asm /dev/null[0m
[0;32m[1mPASSED:(B[m[0m src/ExtractionOCaml/word_by_word_montgomery p256 64 '2^256 - 2^224 + 2^192 + 2^96 - 1' square --no-wide-int --hints-file fiat-amd64/37.26_ratio11905_seed4276274868767468_square_p256.asm -o /dev/null --output-asm /dev/null
[0;32m[1mPASSED:(B[m[0m src/ExtractionOCaml/word_by_word_montgomery p384 64 '2^384 - 2^128 - 2^96 + 2^32 - 1' mul --no-wide-int --hints-file fiat-amd64/374.78_ratio06002_seed2764343611261468_mul_p384.asm -o /dev/null --output-asm /dev/null
[0;32m[1mPASSED:(B[m[0m src/ExtractionOCaml/word_by_word_montgomery p224 64 '2^224 - 2^96 + 1' square --no-wide-int --hints-file fiat-amd64/38.51_ratio12082_seed4032974613556909_square_p224.asm -o /dev/null --output-asm /dev/null
[0;31m[1mFAILED:(B[m [0;31msrc/ExtractionOCaml/word_by_word_montgomery p434 64 '2^216 * 3^137 - 1' square --no-wide-int --hints-file fiat-amd64/390.08_ratio10396_seed2412526886283759_square_p434.asm -o /dev/null --output-asm /dev/null[0m
[0;31m[1mFAILED:(B[m [0;31msrc/ExtractionOCaml/word_by_word_montgomery p434 64 '2^216 * 3^137 - 1' square --no-wide-int --hints-file fiat-amd64/392.76_ratio08675_seed3715409675138377_square_p434.asm -o /dev/null --output-asm /dev/null[0m
[0;31m[1mFAILED:(B[m [0;31msrc/ExtractionOCaml/word_by_word_montgomery p434 64 '2^216 * 3^137 - 1' mul --no-wide-int --hints-file fiat-amd64/394.42_ratio08680_seed2529639215636402_mul_p434.asm -o /dev/null --output-asm /dev/null[0m
[0;32m[1mPASSED:(B[m[0m src/ExtractionOCaml/word_by_word_montgomery p224 64 '2^224 - 2^96 + 1' mul --no-wide-int --hints-file fiat-amd64/40.60_ratio11121_seed2240937234026075_mul_p224.asm -o /dev/null --output-asm /dev/null
[0;31m[1mFAILED:(B[m [0;31msrc/ExtractionOCaml/word_by_word_montgomery p434 64 '2^216 * 3^137 - 1' mul --no-wide-int --hints-file fiat-amd64/414.00_ratio14010_seed4297472400993309_mul_p434.asm -o /dev/null --output-asm /dev/null[0m
[0;31m[1mFAILED:(B[m [0;31msrc/ExtractionOCaml/word_by_word_montgomery p434 64 '2^216 * 3^137 - 1' square --no-wide-int --hints-file fiat-amd64/421.04_ratio08906_seed3759678552496106_square_p434.asm -o /dev/null --output-asm /dev/null[0m
[0;31m[1mFAILED:(B[m [0;31msrc/ExtractionOCaml/unsaturated_solinas curve25519 64 5 '2^255 - 19' carry_mul --no-wide-int --tight-bounds-mul-by 1.000001 --hints-file fiat-amd64/43.48_ratio11348_seed2293761300508191_mul_curve25519.asm -o /dev/null --output-asm /dev/null[0m
[0;31m[1mFAILED:(B[m [0;31msrc/ExtractionOCaml/unsaturated_solinas curve25519 64 5 '2^255 - 19' carry_mul --no-wide-int --tight-bounds-mul-by 1.000001 --hints-file fiat-amd64/45.42_ratio13690_seed212576899785283_mul_curve25519.asm -o /dev/null --output-asm /dev/null[0m
[0;32m[1mPASSED:(B[m[0m src/ExtractionOCaml/word_by_word_montgomery secp256k1 64 '2^256 - 2^32 - 977' square --no-wide-int --hints-file fiat-amd64/45.66_ratio11572_seed523574687610626_square_secp256k1.asm -o /dev/null --output-asm /dev/null
[0;31m[1mFAILED:(B[m [0;31msrc/ExtractionOCaml/unsaturated_solinas curve25519 64 5 '2^255 - 19' carry_mul --no-wide-int --tight-bounds-mul-by 1.000001 --hints-file fiat-amd64/47.22_ratio11985_seed956956614158782_mul_curve25519.asm -o /dev/null --output-asm /dev/null[0m
[0;31m[1mFAILED:(B[m [0;31msrc/ExtractionOCaml/word_by_word_montgomery p434 64 '2^216 * 3^137 - 1' mul --no-wide-int --hints-file fiat-amd64/477.13_ratio08443_seed971834780550536_mul_p434.asm -o /dev/null --output-asm /dev/null[0m
[0;32m[1mPASSED:(B[m[0m src/ExtractionOCaml/word_by_word_montgomery p256 64 '2^256 - 2^224 + 2^192 + 2^96 - 1' mul --no-wide-int --hints-file fiat-amd64/48.18_ratio14453_seed2237712397304101_mul_p256.asm -o /dev/null --output-asm /dev/null
[0;31m[1mFAILED:(B[m [0;31msrc/ExtractionOCaml/word_by_word_montgomery p434 64 '2^216 * 3^137 - 1' square --no-wide-int --hints-file fiat-amd64/486.76_ratio09480_seed2513671278159213_square_p434.asm -o /dev/null --output-asm /dev/null[0m
[0;31m[1mFAILED:(B[m [0;31msrc/ExtractionOCaml/word_by_word_montgomery p434 64 '2^216 * 3^137 - 1' mul --no-wide-int --hints-file fiat-amd64/488.57_ratio08478_seed412639959625635_mul_p434.asm -o /dev/null --output-asm /dev/null[0m
[0;31m[1mFAILED:(B[m [0;31msrc/ExtractionOCaml/unsaturated_solinas curve25519 64 5 '2^255 - 19' carry_square --no-wide-int --tight-bounds-mul-by 1.000001 --hints-file fiat-amd64/50.55_ratio11585_seed1600379773707829_square_curve25519.asm -o /dev/null --output-asm /dev/null[0m
[0;32m[1mPASSED:(B[m[0m src/ExtractionOCaml/word_by_word_montgomery secp256k1 64 '2^256 - 2^32 - 977' mul --no-wide-int --hints-file fiat-amd64/53.02_ratio11450_seed2312492709004220_mul_secp256k1.asm -o /dev/null --output-asm /dev/null
[0;32m[1mPASSED:(B[m[0m src/ExtractionOCaml/word_by_word_montgomery p256 64 '2^256 - 2^224 + 2^192 + 2^96 - 1' square --no-wide-int --hints-file fiat-amd64/54.52_ratio13237_seed2165586197121668_square_p256.asm -o /dev/null --output-asm /dev/null
[0;32m[1mPASSED:(B[m[0m src/ExtractionOCaml/word_by_word_montgomery p256 64 '2^256 - 2^224 + 2^192 + 2^96 - 1' square --no-wide-int --hints-file fiat-amd64/54.71_ratio11705_seed815469023996179_square_p256.asm -o /dev/null --output-asm /dev/null
[0;32m[1mPASSED:(B[m[0m src/ExtractionOCaml/word_by_word_montgomery p224 64 '2^224 - 2^96 + 1' square --no-wide-int --hints-file fiat-amd64/56.19_ratio11707_seed2109513243355895_square_p224.asm -o /dev/null --output-asm /dev/null
[0;32m[1mPASSED:(B[m[0m src/ExtractionOCaml/word_by_word_montgomery p224 64 '2^224 - 2^96 + 1' mul --no-wide-int --hints-file fiat-amd64/56.43_ratio12812_seed2553258791112417_mul_p224.asm -o /dev/null --output-asm /dev/null
[0;31m[1mFAILED:(B[m [0;31msrc/ExtractionOCaml/unsaturated_solinas p521 64 9 '2^521 - 1' carry_square --no-wide-int --tight-bounds-mul-by 1.000001 --hints-file fiat-amd64/58.35_ratio12950_seed4109329367978504_square_p521.asm -o /dev/null --output-asm /dev/null[0m
[0;31m[1mFAILED:(B[m [0;31msrc/ExtractionOCaml/unsaturated_solinas curve25519 64 5 '2^255 - 19' carry_mul --no-wide-int --tight-bounds-mul-by 1.000001 --hints-file fiat-amd64/58.75_ratio14090_seed775961493504765_mul_curve25519.asm -o /dev/null --output-asm /dev/null[0m
[0;32m[1mPASSED:(B[m[0m src/ExtractionOCaml/word_by_word_montgomery p256 64 '2^256 - 2^224 + 2^192 + 2^96 - 1' mul --no-wide-int --hints-file fiat-amd64/58.88_ratio13585_seed2274906452028590_mul_p256.asm -o /dev/null --output-asm /dev/null
[0;32m[1mPASSED:(B[m[0m src/ExtractionOCaml/word_by_word_montgomery p256 64 '2^256 - 2^224 + 2^192 + 2^96 - 1' mul --no-wide-int --hints-file fiat-amd64/60.55_ratio13361_seed202417025616803_mul_p256.asm -o /dev/null --output-asm /dev/null
[0;32m[1mPASSED:(B[m[0m src/ExtractionOCaml/word_by_word_montgomery p256 64 '2^256 - 2^224 + 2^192 + 2^96 - 1' square --no-wide-int --hints-file fiat-amd64/61.46_ratio12062_seed851790244847742_square_p256.asm -o /dev/null --output-asm /dev/null
[0;32m[1mPASSED:(B[m[0m src/ExtractionOCaml/word_by_word_montgomery p224 64 '2^224 - 2^96 + 1' square --no-wide-int --hints-file fiat-amd64/63.43_ratio11410_seed1853739923678552_square_p224.asm -o /dev/null --output-asm /dev/null
[0;32m[1mPASSED:(B[m[0m src/ExtractionOCaml/word_by_word_montgomery secp256k1 64 '2^256 - 2^32 - 977' square --no-wide-int --hints-file fiat-amd64/63.73_ratio11916_seed3353671286337883_square_secp256k1.asm -o /dev/null --output-asm /dev/null
[0;32m[1mPASSED:(B[m[0m src/ExtractionOCaml/word_by_word_montgomery p256 64 '2^256 - 2^224 + 2^192 + 2^96 - 1' mul --no-wide-int --hints-file fiat-amd64/63.88_ratio13929_seed3975821006667828_mul_p256.asm -o /dev/null --output-asm /dev/null
[0;32m[1mPASSED:(B[m[0m src/ExtractionOCaml/word_by_word_montgomery secp256k1 64 '2^256 - 2^32 - 977' mul --no-wide-int --hints-file fiat-amd64/65.35_ratio12744_seed2003353293586321_mul_secp256k1.asm -o /dev/null --output-asm /dev/null
[0;32m[1mPASSED:(B[m[0m src/ExtractionOCaml/word_by_word_montgomery p256 64 '2^256 - 2^224 + 2^192 + 2^96 - 1' square --no-wide-int --hints-file fiat-amd64/65.45_ratio13084_seed2567748224150474_square_p256.asm -o /dev/null --output-asm /dev/null
[0;31m[1mFAILED:(B[m [0;31msrc/ExtractionOCaml/unsaturated_solinas p448 64 8 '2^448 - 2^224 - 1' carry_square --no-wide-int --tight-bounds-mul-by 1.000001 --hints-file fiat-amd64/65.47_ratio07878_seed3824668340341651_square_p448_solinas.asm -o /dev/null --output-asm /dev/null[0m
[0;32m[1mPASSED:(B[m[0m src/ExtractionOCaml/word_by_word_montgomery p256 64 '2^256 - 2^224 + 2^192 + 2^96 - 1' square --no-wide-int --hints-file fiat-amd64/65.58_ratio11142_seed2396663595229043_square_p256.asm -o /dev/null --output-asm /dev/null
[0;31m[1mFAILED:(B[m [0;31msrc/ExtractionOCaml/word_by_word_montgomery p434 64 '2^216 * 3^137 - 1' mul --no-wide-int --hints-file fiat-amd64/658.67_ratio16410_seed2655622732133814_mul_p434.asm -o /dev/null --output-asm /dev/null[0m
[0;32m[1mPASSED:(B[m[0m src/ExtractionOCaml/word_by_word_montgomery p224 64 '2^224 - 2^96 + 1' mul --no-wide-int --hints-file fiat-amd64/66.82_ratio12314_seed31939672603401_mul_p224.asm -o /dev/null --output-asm /dev/null
[0;31m[1mFAILED:(B[m [0;31msrc/ExtractionOCaml/unsaturated_solinas curve25519 64 5 '2^255 - 19' carry_mul --no-wide-int --tight-bounds-mul-by 1.000001 --hints-file fiat-amd64/67.75_ratio11130_seed3548740702652650_mul_curve25519.asm -o /dev/null --output-asm /dev/null[0m
[0;32m[1mPASSED:(B[m[0m src/ExtractionOCaml/word_by_word_montgomery p224 64 '2^224 - 2^96 + 1' mul --no-wide-int --hints-file fiat-amd64/69.81_ratio12134_seed4097297752174669_mul_p224.asm -o /dev/null --output-asm /dev/null
[0;32m[1mPASSED:(B[m[0m src/ExtractionOCaml/word_by_word_montgomery p224 64 '2^224 - 2^96 + 1' square --no-wide-int --hints-file fiat-amd64/71.88_ratio10859_seed1800767550616553_square_p224.asm -o /dev/null --output-asm /dev/null
[0;32m[1mPASSED:(B[m[0m src/ExtractionOCaml/word_by_word_montgomery p224 64 '2^224 - 2^96 + 1' square --no-wide-int --hints-file fiat-amd64/72.32_ratio12743_seed1899281146561256_square_p224.asm -o /dev/null --output-asm /dev/null
[0;32m[1mPASSED:(B[m[0m src/ExtractionOCaml/word_by_word_montgomery secp256k1 64 '2^256 - 2^32 - 977' mul --no-wide-int --hints-file fiat-amd64/72.51_ratio13176_seed2681584295662131_mul_secp256k1.asm -o /dev/null --output-asm /dev/null
[0;32m[1mPASSED:(B[m[0m src/ExtractionOCaml/word_by_word_montgomery p256 64 '2^256 - 2^224 + 2^192 + 2^96 - 1' mul --no-wide-int --hints-file fiat-amd64/73.26_ratio11656_seed1973146713415797_mul_p256.asm -o /dev/null --output-asm /dev/null
[0;31m[1mFAILED:(B[m [0;31msrc/ExtractionOCaml/unsaturated_solinas p521 64 9 '2^521 - 1' carry_square --no-wide-int --tight-bounds-mul-by 1.000001 --hints-file fiat-amd64/73.49_ratio15506_seed3258432306148663_square_p521.asm -o /dev/null --output-asm /dev/null[0m
[0;32m[1mPASSED:(B[m[0m src/ExtractionOCaml/word_by_word_montgomery p224 64 '2^224 - 2^96 + 1' mul --no-wide-int --hints-file fiat-amd64/73.94_ratio13149_seed704989933151320_mul_p224.asm -o /dev/null --output-asm /dev/null
[0;32m[1mPASSED:(B[m[0m src/ExtractionOCaml/word_by_word_montgomery secp256k1 64 '2^256 - 2^32 - 977' square --no-wide-int --hints-file fiat-amd64/74.63_ratio11526_seed3879384365785814_square_secp256k1.asm -o /dev/null --output-asm /dev/null
[0;32m[1mPASSED:(B[m[0m src/ExtractionOCaml/word_by_word_montgomery secp256k1 64 '2^256 - 2^32 - 977' mul --no-wide-int --hints-file fiat-amd64/74.87_ratio12489_seed4292899296502668_mul_secp256k1.asm -o /dev/null --output-asm /dev/null
[0;32m[1mPASSED:(B[m[0m src/ExtractionOCaml/word_by_word_montgomery p224 64 '2^224 - 2^96 + 1' mul --no-wide-int --hints-file fiat-amd64/75.49_ratio12153_seed3485352012649499_mul_p224.asm -o /dev/null --output-asm /dev/null
[0;32m[1mPASSED:(B[m[0m src/ExtractionOCaml/word_by_word_montgomery secp256k1 64 '2^256 - 2^32 - 977' square --no-wide-int --hints-file fiat-amd64/79.91_ratio12893_seed1129172745277633_square_secp256k1.asm -o /dev/null --output-asm /dev/null
[0;32m[1mPASSED:(B[m[0m src/ExtractionOCaml/word_by_word_montgomery secp256k1 64 '2^256 - 2^32 - 977' square --no-wide-int --hints-file fiat-amd64/81.16_ratio11682_seed4228455700821548_square_secp256k1.asm -o /dev/null --output-asm /dev/null
[0;32m[1mPASSED:(B[m[0m src/ExtractionOCaml/word_by_word_montgomery secp256k1 64 '2^256 - 2^32 - 977' mul --no-wide-int --hints-file fiat-amd64/81.79_ratio13326_seed4161903876788363_mul_secp256k1.asm -o /dev/null --output-asm /dev/null
[0;32m[1mPASSED:(B[m[0m src/ExtractionOCaml/word_by_word_montgomery secp256k1 64 '2^256 - 2^32 - 977' mul --no-wide-int --hints-file fiat-amd64/82.95_ratio11897_seed2924025841174363_mul_secp256k1.asm -o /dev/null --output-asm /dev/null
[0;32m[1mPASSED:(B[m[0m src/ExtractionOCaml/word_by_word_montgomery p256 64 '2^256 - 2^224 + 2^192 + 2^96 - 1' square --no-wide-int --hints-file fiat-amd64/83.10_ratio12735_seed4285393296769624_square_p256.asm -o /dev/null --output-asm /dev/null
[0;31m[1mFAILED:(B[m [0;31msrc/ExtractionOCaml/unsaturated_solinas p521 64 9 '2^521 - 1' carry_square --no-wide-int --tight-bounds-mul-by 1.000001 --hints-file fiat-amd64/84.10_run0of10000_ratio07110_seed145282980_square_p521.asm -o /dev/null --output-asm /dev/null[0m
[0;32m[1mPASSED:(B[m[0m src/ExtractionOCaml/word_by_word_montgomery p256 64 '2^256 - 2^224 + 2^192 + 2^96 - 1' mul --no-wide-int --hints-file fiat-amd64/84.14_ratio13808_seed121873771920510_mul_p256.asm -o /dev/null --output-asm /dev/null
[0;31m[1mFAILED:(B[m [0;31msrc/ExtractionOCaml/unsaturated_solinas curve25519 64 5 '2^255 - 19' carry_square --no-wide-int --tight-bounds-mul-by 1.000001 --hints-file fiat-amd64/8531_eval500of10000_ratio11770_seed389709233_square_curve25519.asm -o /dev/null --output-asm /dev/null[0m
[0;31m[1mFAILED:(B[m [0;31msrc/ExtractionOCaml/unsaturated_solinas p521 64 9 '2^521 - 1' carry_square --no-wide-int --tight-bounds-mul-by 1.000001 --hints-file fiat-amd64/90.10_ratio11854_seed600995032503849_square_p521.asm -o /dev/null --output-asm /dev/null[0m
[0;31m[1mFAILED:(B[m [0;31msrc/ExtractionOCaml/unsaturated_solinas p521 64 9 '2^521 - 1' carry_square --no-wide-int --tight-bounds-mul-by 1.000001 --hints-file fiat-amd64/90.44_ratio11062_seed2001410703584519_square_p521.asm -o /dev/null --output-asm /dev/null[0m
[0;31m[1mFAILED:(B[m [0;31msrc/ExtractionOCaml/unsaturated_solinas p521 64 9 '2^521 - 1' carry_square --no-wide-int --tight-bounds-mul-by 1.000001 --hints-file fiat-amd64/90.50_ratio14944_seed2097618098035895_square_p521.asm -o /dev/null --output-asm /dev/null[0m
[0;32m[1mPASSED:(B[m[0m src/ExtractionOCaml/word_by_word_montgomery p224 64 '2^224 - 2^96 + 1' square --no-wide-int --hints-file fiat-amd64/93.73_ratio11677_seed3777690670788846_square_p224.asm -o /dev/null --output-asm /dev/null
[0;31m[1mFAILED:(B[m [0;31msrc/ExtractionOCaml/unsaturated_solinas p448 64 8 '2^448 - 2^224 - 1' carry_square --no-wide-int --tight-bounds-mul-by 1.000001 --hints-file fiat-amd64/94.05_ratio08319_seed1902570032819100_square_p448_solinas.asm -o /dev/null --output-asm /dev/null[0m
[0;32m[1mPASSED:(B[m[0m src/ExtractionOCaml/word_by_word_montgomery p224 64 '2^224 - 2^96 + 1' mul --no-wide-int --hints-file fiat-amd64/94.05_ratio13057_seed3617302645812680_mul_p224.asm -o /dev/null --output-asm /dev/null
[0;32m[1mPASSED:(B[m[0m src/ExtractionOCaml/word_by_word_montgomery p224 64 '2^224 - 2^96 + 1' square --no-wide-int --hints-file fiat-amd64/96.86_ratio12000_seed3346530064135123_square_p224.asm -o /dev/null --output-asm /dev/null
[0;31m[1mFAILED:(B[m [0;31msrc/ExtractionOCaml/unsaturated_solinas p521 64 9 '2^521 - 1' carry_square --no-wide-int --tight-bounds-mul-by 1.000001 --hints-file fiat-amd64/99.84_ratio13700_seed960968221135369_square_p521.asm -o /dev/null --output-asm /dev/null[0m
[0;32m[1mPASSED:(B[m[0;32m 56[0m / 138
[0;31m[1mFAILED:(B[m[0;31m 82[0m / 138
