λ x x0 : word64 * word64 * word64 * word64 * word64 * word64 * word64 * word64 * word64 * word64,
Interp-η
(λ var : Syntax.base_type → Type,
 λ '(x20, x21, x19, x17, x15, x13, x11, x9, x7, x5, (x38, x39, x37, x35, x33, x31, x29, x27, x25, x23))%core,
 uint128_t x40 = (((uint128_t)(x13 + x20) * (x31 + x38)) - ((uint128_t)x13 * x31));
 uint128_t x41 = ((((uint128_t)(x11 + x21) * (x31 + x38)) + ((uint128_t)(x13 + x20) * (x29 + x39))) - (((uint128_t)x11 * x31) + ((uint128_t)x13 * x29)));
 uint128_t x42 = ((((uint128_t)(x9 + x19) * (x31 + x38)) + (((uint128_t)(x11 + x21) * (x29 + x39)) + ((uint128_t)(x13 + x20) * (x27 + x37)))) - (((uint128_t)x9 * x31) + (((uint128_t)x11 * x29) + ((uint128_t)x13 * x27))));
 uint128_t x43 = ((((uint128_t)(x7 + x17) * (x31 + x38)) + (((uint128_t)(x9 + x19) * (x29 + x39)) + (((uint128_t)(x11 + x21) * (x27 + x37)) + ((uint128_t)(x13 + x20) * (x25 + x35))))) - (((uint128_t)x7 * x31) + (((uint128_t)x9 * x29) + (((uint128_t)x11 * x27) + ((uint128_t)x13 * x25)))));
 uint128_t x44 = ((((uint128_t)(x5 + x15) * (x31 + x38)) + (((uint128_t)(x7 + x17) * (x29 + x39)) + (((uint128_t)(x9 + x19) * (x27 + x37)) + (((uint128_t)(x11 + x21) * (x25 + x35)) + ((uint128_t)(x13 + x20) * (x23 + x33)))))) - (((uint128_t)x5 * x31) + (((uint128_t)x7 * x29) + (((uint128_t)x9 * x27) + (((uint128_t)x11 * x25) + ((uint128_t)x13 * x23))))));
 uint128_t x45 = ((((uint128_t)(x5 + x15) * (x29 + x39)) + (((uint128_t)(x7 + x17) * (x27 + x37)) + (((uint128_t)(x9 + x19) * (x25 + x35)) + ((uint128_t)(x11 + x21) * (x23 + x33))))) - (((uint128_t)x5 * x29) + (((uint128_t)x7 * x27) + (((uint128_t)x9 * x25) + ((uint128_t)x11 * x23)))));
 uint128_t x46 = ((((uint128_t)(x5 + x15) * (x27 + x37)) + (((uint128_t)(x7 + x17) * (x25 + x35)) + ((uint128_t)(x9 + x19) * (x23 + x33)))) - (((uint128_t)x5 * x27) + (((uint128_t)x7 * x25) + ((uint128_t)x9 * x23))));
 uint128_t x47 = ((((uint128_t)(x5 + x15) * (x25 + x35)) + ((uint128_t)(x7 + x17) * (x23 + x33))) - (((uint128_t)x5 * x25) + ((uint128_t)x7 * x23)));
 uint128_t x48 = (((uint128_t)(x5 + x15) * (x23 + x33)) - ((uint128_t)x5 * x23));
 uint128_t x49 = (((((uint128_t)x13 * x31) + ((uint128_t)x20 * x38)) + x45) + x40);
 uint128_t x50 = ((((((uint128_t)x11 * x31) + ((uint128_t)x13 * x29)) + (((uint128_t)x21 * x38) + ((uint128_t)x20 * x39))) + x46) + x41);
 uint128_t x51 = ((((((uint128_t)x9 * x31) + (((uint128_t)x11 * x29) + ((uint128_t)x13 * x27))) + (((uint128_t)x19 * x38) + (((uint128_t)x21 * x39) + ((uint128_t)x20 * x37)))) + x47) + x42);
 uint128_t x52 = ((((((uint128_t)x7 * x31) + (((uint128_t)x9 * x29) + (((uint128_t)x11 * x27) + ((uint128_t)x13 * x25)))) + (((uint128_t)x17 * x38) + (((uint128_t)x19 * x39) + (((uint128_t)x21 * x37) + ((uint128_t)x20 * x35))))) + x48) + x43);
 uint128_t x53 = ((((uint128_t)x5 * x31) + (((uint128_t)x7 * x29) + (((uint128_t)x9 * x27) + (((uint128_t)x11 * x25) + ((uint128_t)x13 * x23))))) + (((uint128_t)x15 * x38) + (((uint128_t)x17 * x39) + (((uint128_t)x19 * x37) + (((uint128_t)x21 * x35) + ((uint128_t)x20 * x33))))));
 uint128_t x54 = (((((uint128_t)x5 * x29) + (((uint128_t)x7 * x27) + (((uint128_t)x9 * x25) + ((uint128_t)x11 * x23)))) + (((uint128_t)x15 * x39) + (((uint128_t)x17 * x37) + (((uint128_t)x19 * x35) + ((uint128_t)x21 * x33))))) + x40);
 uint128_t x55 = (((((uint128_t)x5 * x27) + (((uint128_t)x7 * x25) + ((uint128_t)x9 * x23))) + (((uint128_t)x15 * x37) + (((uint128_t)x17 * x35) + ((uint128_t)x19 * x33)))) + x41);
 uint128_t x56 = (((((uint128_t)x5 * x25) + ((uint128_t)x7 * x23)) + (((uint128_t)x15 * x35) + ((uint128_t)x17 * x33))) + x42);
 uint128_t x57 = ((((uint128_t)x5 * x23) + ((uint128_t)x15 * x33)) + x43);
 uint64_t x58 = (uint64_t) (x53 >> 0x2d);
 uint64_t x59 = ((uint64_t)x53 & 0x1fffffffffff);
 uint64_t x60 = (uint64_t) (x44 >> 0x2d);
 uint64_t x61 = ((uint64_t)x44 & 0x1fffffffffff);
 uint128_t x62 = (((uint128_t)0x200000000000 * x60) + x61);
 uint64_t x63 = (uint64_t) (x62 >> 0x2d);
 uint64_t x64 = ((uint64_t)x62 & 0x1fffffffffff);
 uint128_t x65 = ((x58 + x52) + x63);
 uint64_t x66 = (uint64_t) (x65 >> 0x2d);
 uint64_t x67 = ((uint64_t)x65 & 0x1fffffffffff);
 uint128_t x68 = (x57 + x63);
 uint64_t x69 = (uint64_t) (x68 >> 0x2d);
 uint64_t x70 = ((uint64_t)x68 & 0x1fffffffffff);
 uint128_t x71 = (x66 + x51);
 uint64_t x72 = (uint64_t) (x71 >> 0x2d);
 uint64_t x73 = ((uint64_t)x71 & 0x1fffffffffff);
 uint128_t x74 = (x69 + x56);
 uint64_t x75 = (uint64_t) (x74 >> 0x2d);
 uint64_t x76 = ((uint64_t)x74 & 0x1fffffffffff);
 uint128_t x77 = (x72 + x50);
 uint64_t x78 = (uint64_t) (x77 >> 0x2d);
 uint64_t x79 = ((uint64_t)x77 & 0x1fffffffffff);
 uint128_t x80 = (x75 + x55);
 uint64_t x81 = (uint64_t) (x80 >> 0x2d);
 uint64_t x82 = ((uint64_t)x80 & 0x1fffffffffff);
 uint128_t x83 = (x78 + x49);
 uint64_t x84 = (uint64_t) (x83 >> 0x2d);
 uint64_t x85 = ((uint64_t)x83 & 0x1fffffffffff);
 uint128_t x86 = (x81 + x54);
 uint64_t x87 = (uint64_t) (x86 >> 0x2d);
 uint64_t x88 = ((uint64_t)x86 & 0x1fffffffffff);
 uint64_t x89 = (x84 + x64);
 uint64_t x90 = (x89 >> 0x2d);
 uint64_t x91 = (x89 & 0x1fffffffffff);
 uint64_t x92 = (x87 + x59);
 uint64_t x93 = (x92 >> 0x2d);
 uint64_t x94 = (x92 & 0x1fffffffffff);
 uint64_t x95 = ((0x200000000000 * x90) + x91);
 uint64_t x96 = (x95 >> 0x2d);
 uint64_t x97 = (x95 & 0x1fffffffffff);
 uint64_t x98 = ((x93 + x67) + x96);
 uint64_t x99 = (x98 >> 0x2d);
 uint64_t x100 = (x98 & 0x1fffffffffff);
 uint64_t x101 = (x70 + x96);
 uint64_t x102 = (x101 >> 0x2d);
 uint64_t x103 = (x101 & 0x1fffffffffff);
 return (Return x97, Return x85, Return x79, (x99 + x73), Return x100, Return x94, Return x88, Return x82, (x102 + x76), Return x103))
(x, x0)%core
     : word64 * word64 * word64 * word64 * word64 * word64 * word64 * word64 * word64 * word64 → word64 * word64 * word64 * word64 * word64 * word64 * word64 * word64 * word64 * word64 → ReturnType (uint64_t * uint64_t * uint64_t * uint64_t * uint64_t * uint64_t * uint64_t * uint64_t * uint64_t * uint64_t)
