λ x x0 : word32 * word32 * word32 * word32 * word32 * word32 * word32 * word32 * word32 * word32 * word32 * word32 * word32 * word32 * word32 * word32 * word32 * word32 * word32 * word32,
Interp-η
(λ var : Syntax.base_type → Type,
 λ '(x40, x41, x39, x37, x35, x33, x31, x29, x27, x25, x23, x21, x19, x17, x15, x13, x11, x9, x7, x5, (x78, x79, x77, x75, x73, x71, x69, x67, x65, x63, x61, x59, x57, x55, x53, x51, x49, x47, x45, x43))%core,
 (((0x7ffffe + x40) - x78), ((0xfffffe + x41) - x79), ((0x7ffffe + x39) - x77), ((0xfffffe + x37) - x75), ((0x7ffffe + x35) - x73), ((0xfffffe + x33) - x71), ((0x7ffffe + x31) - x69), ((0xfffffe + x29) - x67), ((0x7ffffe + x27) - x65), ((0xfffffc + x25) - x63), ((0x7ffffe + x23) - x61), ((0xfffffe + x21) - x59), ((0x7ffffe + x19) - x57), ((0xfffffe + x17) - x55), ((0x7ffffe + x15) - x53), ((0xfffffe + x13) - x51), ((0x7ffffe + x11) - x49), ((0xfffffe + x9) - x47), ((0x7ffffe + x7) - x45), ((0xfffffe + x5) - x43)))
(x, x0)%core
     : word32 * word32 * word32 * word32 * word32 * word32 * word32 * word32 * word32 * word32 * word32 * word32 * word32 * word32 * word32 * word32 * word32 * word32 * word32 * word32 → word32 * word32 * word32 * word32 * word32 * word32 * word32 * word32 * word32 * word32 * word32 * word32 * word32 * word32 * word32 * word32 * word32 * word32 * word32 * word32 → ReturnType (uint32_t * uint32_t * uint32_t * uint32_t * uint32_t * uint32_t * uint32_t * uint32_t * uint32_t * uint32_t * uint32_t * uint32_t * uint32_t * uint32_t * uint32_t * uint32_t * uint32_t * uint32_t * uint32_t * uint32_t)
