λ x x0 : word32 * word32 * word32 * word32 * word32 * word32 * word32 * word32 * word32 * word32 * word32 * word32 * word32 * word32 * word32 * word32 * word32 * word32 * word32 * word32 * word32 * word32 * word32 * word32,
Interp-η
(λ var : Syntax.base_type → Type,
 λ '(x48, x49, x47, x45, x43, x41, x39, x37, x35, x33, x31, x29, x27, x25, x23, x21, x19, x17, x15, x13, x11, x9, x7, x5, (x94, x95, x93, x91, x89, x87, x85, x83, x81, x79, x77, x75, x73, x71, x69, x67, x65, x63, x61, x59, x57, x55, x53, x51))%core,
 (((0x3ffffe + x48) - x94), ((0x3ffffe + x49) - x95), ((0x7ffffe + x47) - x93), ((0x3ffffe + x45) - x91), ((0x3ffffe + x43) - x89), ((0x7ffffe + x41) - x87), ((0x3ffffe + x39) - x85), ((0x3ffffe + x37) - x83), ((0x7ffffe + x35) - x81), ((0x3ffffe + x33) - x79), ((0x3ffffe + x31) - x77), ((0x7ffffe + x29) - x75), ((0x3ffffe + x27) - x73), ((0x3ffffe + x25) - x71), ((0x7ffffe + x23) - x69), ((0x3ffffe + x21) - x67), ((0x3ffffe + x19) - x65), ((0x7ffffe + x17) - x63), ((0x3ffffe + x15) - x61), ((0x3ffffe + x13) - x59), ((0x7ffffe + x11) - x57), ((0x3ffffe + x9) - x55), ((0x3ffffe + x7) - x53), ((0x7ffb8e + x5) - x51)))
(x, x0)%core
     : word32 * word32 * word32 * word32 * word32 * word32 * word32 * word32 * word32 * word32 * word32 * word32 * word32 * word32 * word32 * word32 * word32 * word32 * word32 * word32 * word32 * word32 * word32 * word32 → word32 * word32 * word32 * word32 * word32 * word32 * word32 * word32 * word32 * word32 * word32 * word32 * word32 * word32 * word32 * word32 * word32 * word32 * word32 * word32 * word32 * word32 * word32 * word32 → ReturnType (uint32_t * uint32_t * uint32_t * uint32_t * uint32_t * uint32_t * uint32_t * uint32_t * uint32_t * uint32_t * uint32_t * uint32_t * uint32_t * uint32_t * uint32_t * uint32_t * uint32_t * uint32_t * uint32_t * uint32_t * uint32_t * uint32_t * uint32_t * uint32_t)
