λ x : word64 * word64 * word64 * word64 * word64,
Interp-η
(λ var : Syntax.base_type → Type,
 λ '(x7, x8, x6, x4, x2)%core,
 uint64_t x9 = (x2 >> 0x27);
 uint64_t x10 = (x2 & 0x7fffffffff);
 uint64_t x11 = (x7 >> 0x26);
 uint64_t x12 = (x7 & 0x3fffffffff);
 uint64_t x13 = ((0x4000000000 * x11) + x12);
 uint64_t x14 = (x13 >> 0x26);
 uint64_t x15 = (x13 & 0x3fffffffff);
 uint64_t x16 = ((x9 + x4) + (0x2000000 * x14));
 uint64_t x17 = (x16 >> 0x26);
 uint64_t x18 = (x16 & 0x3fffffffff);
 uint64_t x19 = (x10 + x14);
 uint64_t x20 = (x19 >> 0x27);
 uint64_t x21 = (x19 & 0x7fffffffff);
 uint64_t x22 = (x17 + x6);
 uint64_t x23 = (x22 >> 0x27);
 uint64_t x24 = (x22 & 0x7fffffffff);
 uint64_t x25 = (x23 + x8);
 uint64_t x26 = (x25 >> 0x26);
 uint64_t x27 = (x25 & 0x3fffffffff);
 uint64_t x28 = (x26 + x15);
 uint64_t x29 = (x28 >> 0x26);
 uint64_t x30 = (x28 & 0x3fffffffff);
 uint64_t x31 = ((0x4000000000 * x29) + x30);
 uint64_t x32 = (x31 >> 0x26);
 uint64_t x33 = (x31 & 0x3fffffffff);
 uint64_t x34 = ((x20 + x18) + (0x2000000 * x32));
 uint64_t x35 = (x34 >> 0x26);
 uint64_t x36 = (x34 & 0x3fffffffff);
 uint64_t x37 = (x21 + x32);
 uint64_t x38 = (x37 >> 0x27);
 uint64_t x39 = (x37 & 0x7fffffffff);
 return (Return x33, Return x27, (x35 + x24), (x38 + x36), Return x39))
x
     : word64 * word64 * word64 * word64 * word64 → ReturnType (uint64_t * uint64_t * uint64_t * uint64_t * uint64_t)
