λ x x0 : word64 * word64 * word64 * word64 * word64 * word64 * word64 * word64 * word64,
Interp-η
(λ var : Syntax.base_type → Type,
 λ '(x18, x19, x17, x15, x13, x11, x9, x7, x5, (x34, x35, x33, x31, x29, x27, x25, x23, x21))%core,
 (((0x7fffffffffffe + x18) - x34), ((0x7fffffffffffe + x19) - x35), ((0x7fffffffffffe + x17) - x33), ((0x7fffffffffffe + x15) - x31), ((0xffffffffffffe + x13) - x29), ((0x7fffffffffffe + x11) - x27), ((0x7fffffffffffe + x9) - x25), ((0x7fffffffffffe + x7) - x23), ((0xffffffffffffa + x5) - x21)))
(x, x0)%core
     : word64 * word64 * word64 * word64 * word64 * word64 * word64 * word64 * word64 → word64 * word64 * word64 * word64 * word64 * word64 * word64 * word64 * word64 → ReturnType (uint64_t * uint64_t * uint64_t * uint64_t * uint64_t * uint64_t * uint64_t * uint64_t * uint64_t)
